---
source: tui/tests/snapshots.rs
expression: "render_bottom_pane_snapshot(&state, 80, 4)"
---
────────────────────────────────────────────────────────────────────────────────›Type your message...                                                                                                                                           auto · suggest · /tmp/repo
