---
source: tui/tests/snapshots.rs
expression: "render_bottom_pane_snapshot(&state, 80, 4)"
---
                                                                                › Ask cusa to do anything                                                                                                                                         auto · suggest · /tmp/repo
